non-relevant line
non-relevant line

[2021-06-12 16:29:42,602] [INFO] - seqmodel/run.py started.
