non-relevant line
non-relevant line

[2021-06-12 16:24:04,514] [INFO] - seqmodel/run.py started.
[2021-06-12 16:24:04,516] [CRITICAL] - seqmodel/run.py terminated with ERROR.
