non-relevant line
non-relevant line

[2021-06-12 16:23:28,231] [INFO] - seqmodel/run.py started.
[2021-06-12 16:23:28,231] [INFO] - seqmodel/run.py finished.
